// Vitest Snapshot v1, https://vitest.dev/guide/snapshot.html

exports[`complete Drizzle schema contracts > pins every biometrics table, column, type, default, and constraint 1`] = `
[
  {
    "checks": 0,
    "columns": [
      "id | sql:integer | logical:number/SQLiteInteger | not-null | default:auto | primary-key | not-unique | autoincrement | enum:none",
      "timestamp | sql:integer | logical:date/SQLiteTimestamp | not-null | default:none | not-primary-key | not-unique | not-autoincrement | enum:none",
      "lux | sql:real | logical:number/SQLiteReal | nullable | default:none | not-primary-key | not-unique | not-autoincrement | enum:none",
    ],
    "exportName": "ambientLight",
    "foreignKeys": [],
    "indexes": [
      "idx_ambient_light_timestamp | unique | columns:timestamp | where:none",
    ],
    "name": "ambient_light",
    "primaryKeys": [],
    "uniqueConstraints": [],
  },
  {
    "checks": 0,
    "columns": [
      "id | sql:integer | logical:number/SQLiteInteger | not-null | default:auto | primary-key | not-unique | autoincrement | enum:none",
      "timestamp | sql:integer | logical:date/SQLiteTimestamp | not-null | default:none | not-primary-key | not-unique | not-autoincrement | enum:none",
      "ambient_temp | sql:integer | logical:number/SQLiteInteger | nullable | default:none | not-primary-key | not-unique | not-autoincrement | enum:none",
      "mcu_temp | sql:integer | logical:number/SQLiteInteger | nullable | default:none | not-primary-key | not-unique | not-autoincrement | enum:none",
      "humidity | sql:integer | logical:number/SQLiteInteger | nullable | default:none | not-primary-key | not-unique | not-autoincrement | enum:none",
      "left_outer_temp | sql:integer | logical:number/SQLiteInteger | nullable | default:none | not-primary-key | not-unique | not-autoincrement | enum:none",
      "left_center_temp | sql:integer | logical:number/SQLiteInteger | nullable | default:none | not-primary-key | not-unique | not-autoincrement | enum:none",
      "left_inner_temp | sql:integer | logical:number/SQLiteInteger | nullable | default:none | not-primary-key | not-unique | not-autoincrement | enum:none",
      "right_outer_temp | sql:integer | logical:number/SQLiteInteger | nullable | default:none | not-primary-key | not-unique | not-autoincrement | enum:none",
      "right_center_temp | sql:integer | logical:number/SQLiteInteger | nullable | default:none | not-primary-key | not-unique | not-autoincrement | enum:none",
      "right_inner_temp | sql:integer | logical:number/SQLiteInteger | nullable | default:none | not-primary-key | not-unique | not-autoincrement | enum:none",
    ],
    "exportName": "bedTemp",
    "foreignKeys": [],
    "indexes": [
      "idx_bed_temp_timestamp | unique | columns:timestamp | where:none",
    ],
    "name": "bed_temp",
    "primaryKeys": [],
    "uniqueConstraints": [],
  },
  {
    "checks": 0,
    "columns": [
      "id | sql:integer | logical:number/SQLiteInteger | not-null | default:auto | primary-key | not-unique | autoincrement | enum:none",
      "side | sql:text | logical:string/SQLiteText | not-null | default:none | not-primary-key | not-unique | not-autoincrement | enum:left,right",
      "sensor_type | sql:text | logical:string/SQLiteText | not-null | default:none | not-primary-key | not-unique | not-autoincrement | enum:piezo,capacitance,temperature",
      "status | sql:text | logical:string/SQLiteText | not-null | default:pending | not-primary-key | not-unique | not-autoincrement | enum:pending,running,completed,failed",
      "parameters | sql:text | logical:json/SQLiteTextJson | not-null | default:none | not-primary-key | not-unique | not-autoincrement | enum:none",
      "quality_score | sql:real | logical:number/SQLiteReal | nullable | default:none | not-primary-key | not-unique | not-autoincrement | enum:none",
      "source_window_start | sql:integer | logical:number/SQLiteInteger | nullable | default:none | not-primary-key | not-unique | not-autoincrement | enum:none",
      "source_window_end | sql:integer | logical:number/SQLiteInteger | nullable | default:none | not-primary-key | not-unique | not-autoincrement | enum:none",
      "samples_used | sql:integer | logical:number/SQLiteInteger | nullable | default:none | not-primary-key | not-unique | not-autoincrement | enum:none",
      "error_message | sql:text | logical:string/SQLiteText | nullable | default:none | not-primary-key | not-unique | not-autoincrement | enum:none",
      "created_at | sql:integer | logical:date/SQLiteTimestamp | not-null | default:fn:Date | not-primary-key | not-unique | not-autoincrement | enum:none",
      "expires_at | sql:integer | logical:date/SQLiteTimestamp | nullable | default:none | not-primary-key | not-unique | not-autoincrement | enum:none",
    ],
    "exportName": "calibrationProfiles",
    "foreignKeys": [],
    "indexes": [
      "idx_cal_type_status | non-unique | columns:sensor_type,status | where:none",
      "uq_cal_side_type_active | unique | columns:side,sensor_type | where:none",
    ],
    "name": "calibration_profiles",
    "primaryKeys": [],
    "uniqueConstraints": [],
  },
  {
    "checks": 0,
    "columns": [
      "id | sql:integer | logical:number/SQLiteInteger | not-null | default:auto | primary-key | not-unique | autoincrement | enum:none",
      "side | sql:text | logical:string/SQLiteText | not-null | default:none | not-primary-key | not-unique | not-autoincrement | enum:left,right",
      "sensor_type | sql:text | logical:string/SQLiteText | not-null | default:none | not-primary-key | not-unique | not-autoincrement | enum:piezo,capacitance,temperature",
      "status | sql:text | logical:string/SQLiteText | not-null | default:none | not-primary-key | not-unique | not-autoincrement | enum:completed,failed",
      "parameters | sql:text | logical:json/SQLiteTextJson | nullable | default:none | not-primary-key | not-unique | not-autoincrement | enum:none",
      "quality_score | sql:real | logical:number/SQLiteReal | nullable | default:none | not-primary-key | not-unique | not-autoincrement | enum:none",
      "source_window_start | sql:integer | logical:number/SQLiteInteger | nullable | default:none | not-primary-key | not-unique | not-autoincrement | enum:none",
      "source_window_end | sql:integer | logical:number/SQLiteInteger | nullable | default:none | not-primary-key | not-unique | not-autoincrement | enum:none",
      "samples_used | sql:integer | logical:number/SQLiteInteger | nullable | default:none | not-primary-key | not-unique | not-autoincrement | enum:none",
      "error_message | sql:text | logical:string/SQLiteText | nullable | default:none | not-primary-key | not-unique | not-autoincrement | enum:none",
      "duration_ms | sql:integer | logical:number/SQLiteInteger | nullable | default:none | not-primary-key | not-unique | not-autoincrement | enum:none",
      "triggered_by | sql:text | logical:string/SQLiteText | not-null | default:none | not-primary-key | not-unique | not-autoincrement | enum:daily,manual,startup,retry",
      "created_at | sql:integer | logical:date/SQLiteTimestamp | not-null | default:fn:Date | not-primary-key | not-unique | not-autoincrement | enum:none",
    ],
    "exportName": "calibrationRuns",
    "foreignKeys": [],
    "indexes": [
      "idx_cal_runs_side_type | non-unique | columns:side,sensor_type,created_at | where:none",
    ],
    "name": "calibration_runs",
    "primaryKeys": [],
    "uniqueConstraints": [],
  },
  {
    "checks": 0,
    "columns": [
      "id | sql:integer | logical:number/SQLiteInteger | not-null | default:auto | primary-key | not-unique | autoincrement | enum:none",
      "side | sql:text | logical:string/SQLiteText | not-null | default:none | not-primary-key | not-unique | not-autoincrement | enum:left,right",
      "timestamp | sql:integer | logical:date/SQLiteTimestamp | not-null | default:none | not-primary-key | not-unique | not-autoincrement | enum:none",
      "zones | sql:text | logical:json/SQLiteTextJson | nullable | default:none | not-primary-key | not-unique | not-autoincrement | enum:none",
      "max | sql:real | logical:number/SQLiteReal | not-null | default:none | not-primary-key | not-unique | not-autoincrement | enum:none",
      "mean | sql:real | logical:number/SQLiteReal | not-null | default:none | not-primary-key | not-unique | not-autoincrement | enum:none",
      "spread | sql:real | logical:number/SQLiteReal | not-null | default:none | not-primary-key | not-unique | not-autoincrement | enum:none",
      "peak_zone | sql:integer | logical:number/SQLiteInteger | nullable | default:none | not-primary-key | not-unique | not-autoincrement | enum:none",
      "frame_count | sql:integer | logical:number/SQLiteInteger | not-null | default:none | not-primary-key | not-unique | not-autoincrement | enum:none",
      "status_counts | sql:text | logical:json/SQLiteTextJson | nullable | default:none | not-primary-key | not-unique | not-autoincrement | enum:none",
    ],
    "exportName": "capSenseFrames",
    "foreignKeys": [],
    "indexes": [
      "idx_cap_sense_frames_timestamp | non-unique | columns:timestamp | where:none",
      "uq_cap_sense_frames_side_ts | unique | columns:side,timestamp | where:none",
    ],
    "name": "cap_sense_frames",
    "primaryKeys": [],
    "uniqueConstraints": [],
  },
  {
    "checks": 0,
    "columns": [
      "id | sql:integer | logical:number/SQLiteInteger | not-null | default:auto | primary-key | not-unique | autoincrement | enum:none",
      "timestamp | sql:integer | logical:date/SQLiteTimestamp | not-null | default:none | not-primary-key | not-unique | not-autoincrement | enum:none",
      "left_flowrate_cd | sql:integer | logical:number/SQLiteInteger | nullable | default:none | not-primary-key | not-unique | not-autoincrement | enum:none",
      "right_flowrate_cd | sql:integer | logical:number/SQLiteInteger | nullable | default:none | not-primary-key | not-unique | not-autoincrement | enum:none",
      "left_pump_rpm | sql:integer | logical:number/SQLiteInteger | nullable | default:none | not-primary-key | not-unique | not-autoincrement | enum:none",
      "right_pump_rpm | sql:integer | logical:number/SQLiteInteger | nullable | default:none | not-primary-key | not-unique | not-autoincrement | enum:none",
    ],
    "exportName": "flowReadings",
    "foreignKeys": [],
    "indexes": [
      "idx_flow_readings_timestamp | unique | columns:timestamp | where:none",
    ],
    "name": "flow_readings",
    "primaryKeys": [],
    "uniqueConstraints": [],
  },
  {
    "checks": 0,
    "columns": [
      "id | sql:integer | logical:number/SQLiteInteger | not-null | default:auto | primary-key | not-unique | autoincrement | enum:none",
      "timestamp | sql:integer | logical:date/SQLiteTimestamp | not-null | default:none | not-primary-key | not-unique | not-autoincrement | enum:none",
      "ambient_temp | sql:integer | logical:number/SQLiteInteger | nullable | default:none | not-primary-key | not-unique | not-autoincrement | enum:none",
      "heatsink_temp | sql:integer | logical:number/SQLiteInteger | nullable | default:none | not-primary-key | not-unique | not-autoincrement | enum:none",
      "left_water_temp | sql:integer | logical:number/SQLiteInteger | nullable | default:none | not-primary-key | not-unique | not-autoincrement | enum:none",
      "right_water_temp | sql:integer | logical:number/SQLiteInteger | nullable | default:none | not-primary-key | not-unique | not-autoincrement | enum:none",
    ],
    "exportName": "freezerTemp",
    "foreignKeys": [],
    "indexes": [
      "idx_freezer_temp_timestamp | unique | columns:timestamp | where:none",
    ],
    "name": "freezer_temp",
    "primaryKeys": [],
    "uniqueConstraints": [],
  },
  {
    "checks": 0,
    "columns": [
      "id | sql:integer | logical:number/SQLiteInteger | not-null | default:auto | primary-key | not-unique | autoincrement | enum:none",
      "side | sql:text | logical:string/SQLiteText | not-null | default:none | not-primary-key | not-unique | not-autoincrement | enum:left,right",
      "timestamp | sql:integer | logical:date/SQLiteTimestamp | not-null | default:none | not-primary-key | not-unique | not-autoincrement | enum:none",
      "total_movement | sql:integer | logical:number/SQLiteInteger | not-null | default:none | not-primary-key | not-unique | not-autoincrement | enum:none",
    ],
    "exportName": "movement",
    "foreignKeys": [],
    "indexes": [
      "idx_movement_side_timestamp | non-unique | columns:side,timestamp | where:none",
      "idx_movement_timestamp | non-unique | columns:timestamp | where:none",
    ],
    "name": "movement",
    "primaryKeys": [],
    "uniqueConstraints": [],
  },
  {
    "checks": 0,
    "columns": [
      "id | sql:integer | logical:number/SQLiteInteger | not-null | default:auto | primary-key | not-unique | autoincrement | enum:none",
      "timestamp | sql:integer | logical:date/SQLiteTimestamp | not-null | default:none | not-primary-key | not-unique | not-autoincrement | enum:none",
      "type | sql:text | logical:string/SQLiteText | not-null | default:none | not-primary-key | not-unique | not-autoincrement | enum:stall_left,stall_right,no_flow_left,no_flow_right,asymmetry,clog_suspected,hub_temp_disputed",
      "side | sql:text | logical:string/SQLiteText | nullable | default:none | not-primary-key | not-unique | not-autoincrement | enum:left,right",
      "rpm | sql:integer | logical:number/SQLiteInteger | nullable | default:none | not-primary-key | not-unique | not-autoincrement | enum:none",
      "flowrate_cd | sql:integer | logical:number/SQLiteInteger | nullable | default:none | not-primary-key | not-unique | not-autoincrement | enum:none",
      "duration_seconds | sql:integer | logical:number/SQLiteInteger | nullable | default:none | not-primary-key | not-unique | not-autoincrement | enum:none",
      "action | sql:text | logical:string/SQLiteText | not-null | default:none | not-primary-key | not-unique | not-autoincrement | enum:power_off,auto_recovered,warned,none",
      "restore_target_temperature | sql:integer | logical:number/SQLiteInteger | nullable | default:none | not-primary-key | not-unique | not-autoincrement | enum:none",
      "restore_duration_seconds | sql:integer | logical:number/SQLiteInteger | nullable | default:none | not-primary-key | not-unique | not-autoincrement | enum:none",
      "acknowledged_at | sql:integer | logical:date/SQLiteTimestamp | nullable | default:none | not-primary-key | not-unique | not-autoincrement | enum:none",
      "dismissed_at | sql:integer | logical:date/SQLiteTimestamp | nullable | default:none | not-primary-key | not-unique | not-autoincrement | enum:none",
    ],
    "exportName": "pumpAlerts",
    "foreignKeys": [],
    "indexes": [
      "idx_pump_alerts_acknowledged | non-unique | columns:acknowledged_at | where:none",
      "idx_pump_alerts_timestamp | non-unique | columns:timestamp | where:none",
    ],
    "name": "pump_alerts",
    "primaryKeys": [],
    "uniqueConstraints": [],
  },
  {
    "checks": 0,
    "columns": [
      "id | sql:integer | logical:number/SQLiteInteger | not-null | default:auto | primary-key | not-unique | autoincrement | enum:none",
      "side | sql:text | logical:string/SQLiteText | not-null | default:none | not-primary-key | not-unique | not-autoincrement | enum:left,right",
      "entered_bed_at | sql:integer | logical:date/SQLiteTimestamp | not-null | default:none | not-primary-key | not-unique | not-autoincrement | enum:none",
      "left_bed_at | sql:integer | logical:date/SQLiteTimestamp | not-null | default:none | not-primary-key | not-unique | not-autoincrement | enum:none",
      "sleep_duration_seconds | sql:integer | logical:number/SQLiteInteger | not-null | default:none | not-primary-key | not-unique | not-autoincrement | enum:none",
      "times_exited_bed | sql:integer | logical:number/SQLiteInteger | not-null | default:0 | not-primary-key | not-unique | not-autoincrement | enum:none",
      "present_intervals | sql:text | logical:json/SQLiteTextJson | nullable | default:none | not-primary-key | not-unique | not-autoincrement | enum:none",
      "not_present_intervals | sql:text | logical:json/SQLiteTextJson | nullable | default:none | not-primary-key | not-unique | not-autoincrement | enum:none",
      "created_at | sql:integer | logical:date/SQLiteTimestamp | not-null | default:fn:Date | not-primary-key | not-unique | not-autoincrement | enum:none",
    ],
    "exportName": "sleepRecords",
    "foreignKeys": [],
    "indexes": [
      "idx_sleep_records_side_entered | non-unique | columns:side,entered_bed_at | where:none",
    ],
    "name": "sleep_records",
    "primaryKeys": [],
    "uniqueConstraints": [],
  },
  {
    "checks": 0,
    "columns": [
      "id | sql:integer | logical:number/SQLiteInteger | not-null | default:auto | primary-key | not-unique | autoincrement | enum:none",
      "side | sql:text | logical:string/SQLiteText | not-null | default:none | not-primary-key | not-unique | not-autoincrement | enum:left,right",
      "timestamp | sql:integer | logical:date/SQLiteTimestamp | not-null | default:none | not-primary-key | not-unique | not-autoincrement | enum:none",
      "heart_rate | sql:real | logical:number/SQLiteReal | nullable | default:none | not-primary-key | not-unique | not-autoincrement | enum:none",
      "hrv | sql:real | logical:number/SQLiteReal | nullable | default:none | not-primary-key | not-unique | not-autoincrement | enum:none",
      "breathing_rate | sql:real | logical:number/SQLiteReal | nullable | default:none | not-primary-key | not-unique | not-autoincrement | enum:none",
    ],
    "exportName": "vitals",
    "foreignKeys": [],
    "indexes": [
      "idx_vitals_timestamp | non-unique | columns:timestamp | where:none",
      "uq_vitals_side_timestamp | unique | columns:side,timestamp | where:none",
    ],
    "name": "vitals",
    "primaryKeys": [],
    "uniqueConstraints": [],
  },
  {
    "checks": 0,
    "columns": [
      "id | sql:integer | logical:number/SQLiteInteger | not-null | default:auto | primary-key | not-unique | autoincrement | enum:none",
      "vitals_id | sql:integer | logical:number/SQLiteInteger | not-null | default:none | not-primary-key | not-unique | not-autoincrement | enum:none",
      "side | sql:text | logical:string/SQLiteText | not-null | default:none | not-primary-key | not-unique | not-autoincrement | enum:left,right",
      "timestamp | sql:integer | logical:date/SQLiteTimestamp | not-null | default:none | not-primary-key | not-unique | not-autoincrement | enum:none",
      "quality_score | sql:real | logical:number/SQLiteReal | not-null | default:none | not-primary-key | not-unique | not-autoincrement | enum:none",
      "flags | sql:text | logical:json/SQLiteTextJson | nullable | default:none | not-primary-key | not-unique | not-autoincrement | enum:none",
      "hr_raw | sql:real | logical:number/SQLiteReal | nullable | default:none | not-primary-key | not-unique | not-autoincrement | enum:none",
      "created_at | sql:integer | logical:date/SQLiteTimestamp | not-null | default:fn:Date | not-primary-key | not-unique | not-autoincrement | enum:none",
    ],
    "exportName": "vitalsQuality",
    "foreignKeys": [],
    "indexes": [
      "idx_vq_side_ts | non-unique | columns:side,timestamp | where:none",
      "idx_vq_timestamp | non-unique | columns:timestamp | where:none",
      "idx_vq_vitals_id | non-unique | columns:vitals_id | where:none",
    ],
    "name": "vitals_quality",
    "primaryKeys": [],
    "uniqueConstraints": [],
  },
  {
    "checks": 0,
    "columns": [
      "id | sql:integer | logical:number/SQLiteInteger | not-null | default:auto | primary-key | not-unique | autoincrement | enum:none",
      "type | sql:text | logical:string/SQLiteText | not-null | default:none | not-primary-key | not-unique | not-autoincrement | enum:low_sustained,rapid_change,leak_suspected",
      "started_at | sql:integer | logical:date/SQLiteTimestamp | not-null | default:none | not-primary-key | not-unique | not-autoincrement | enum:none",
      "dismissed_at | sql:integer | logical:date/SQLiteTimestamp | nullable | default:none | not-primary-key | not-unique | not-autoincrement | enum:none",
      "message | sql:text | logical:string/SQLiteText | nullable | default:none | not-primary-key | not-unique | not-autoincrement | enum:none",
      "created_at | sql:integer | logical:date/SQLiteTimestamp | not-null | default:fn:Date | not-primary-key | not-unique | not-autoincrement | enum:none",
    ],
    "exportName": "waterLevelAlerts",
    "foreignKeys": [],
    "indexes": [
      "idx_water_level_alerts_dismissed | non-unique | columns:dismissed_at | where:none",
    ],
    "name": "water_level_alerts",
    "primaryKeys": [],
    "uniqueConstraints": [],
  },
  {
    "checks": 0,
    "columns": [
      "id | sql:integer | logical:number/SQLiteInteger | not-null | default:auto | primary-key | not-unique | autoincrement | enum:none",
      "timestamp | sql:integer | logical:date/SQLiteTimestamp | not-null | default:none | not-primary-key | not-unique | not-autoincrement | enum:none",
      "level | sql:text | logical:string/SQLiteText | not-null | default:none | not-primary-key | not-unique | not-autoincrement | enum:low,ok",
      "raw | sql:integer | logical:number/SQLiteInteger | nullable | default:none | not-primary-key | not-unique | not-autoincrement | enum:none",
      "calibrated_empty | sql:integer | logical:number/SQLiteInteger | nullable | default:none | not-primary-key | not-unique | not-autoincrement | enum:none",
      "calibrated_full | sql:integer | logical:number/SQLiteInteger | nullable | default:none | not-primary-key | not-unique | not-autoincrement | enum:none",
    ],
    "exportName": "waterLevelReadings",
    "foreignKeys": [],
    "indexes": [
      "idx_water_level_timestamp | unique | columns:timestamp | where:none",
    ],
    "name": "water_level_readings",
    "primaryKeys": [],
    "uniqueConstraints": [],
  },
]
`;

exports[`complete Drizzle schema contracts > pins every main-database table, column, type, default, and constraint 1`] = `
[
  {
    "checks": 0,
    "columns": [
      "id | sql:integer | logical:number/SQLiteInteger | not-null | default:auto | primary-key | not-unique | autoincrement | enum:none",
      "side | sql:text | logical:string/SQLiteText | not-null | default:none | not-primary-key | not-unique | not-autoincrement | enum:left,right",
      "day_of_week | sql:text | logical:string/SQLiteText | not-null | default:none | not-primary-key | not-unique | not-autoincrement | enum:sunday,monday,tuesday,wednesday,thursday,friday,saturday",
      "time | sql:text | logical:string/SQLiteText | not-null | default:none | not-primary-key | not-unique | not-autoincrement | enum:none",
      "vibration_intensity | sql:integer | logical:number/SQLiteInteger | not-null | default:none | not-primary-key | not-unique | not-autoincrement | enum:none",
      "vibration_pattern | sql:text | logical:string/SQLiteText | not-null | default:rise | not-primary-key | not-unique | not-autoincrement | enum:double,rise",
      "duration | sql:integer | logical:number/SQLiteInteger | not-null | default:none | not-primary-key | not-unique | not-autoincrement | enum:none",
      "alarm_temperature | sql:real | logical:number/SQLiteReal | not-null | default:none | not-primary-key | not-unique | not-autoincrement | enum:none",
      "enabled | sql:integer | logical:boolean/SQLiteBoolean | not-null | default:true | not-primary-key | not-unique | not-autoincrement | enum:none",
      "created_at | sql:integer | logical:date/SQLiteTimestamp | not-null | default:sql:(unixepoch()) | not-primary-key | not-unique | not-autoincrement | enum:none",
      "updated_at | sql:integer | logical:date/SQLiteTimestamp | not-null | default:sql:(unixepoch()) | not-primary-key | not-unique | not-autoincrement | enum:none",
    ],
    "exportName": "alarmSchedules",
    "foreignKeys": [],
    "indexes": [
      "idx_alarm_schedules_side_day | non-unique | columns:side,day_of_week | where:none",
    ],
    "name": "alarm_schedules",
    "primaryKeys": [],
    "uniqueConstraints": [],
  },
  {
    "checks": 0,
    "columns": [
      "id | sql:integer | logical:number/SQLiteInteger | not-null | default:auto | primary-key | not-unique | autoincrement | enum:none",
      "automation_id | sql:integer | logical:number/SQLiteInteger | not-null | default:none | not-primary-key | not-unique | not-autoincrement | enum:none",
      "fired_at | sql:integer | logical:date/SQLiteTimestamp | not-null | default:sql:(unixepoch()) | not-primary-key | not-unique | not-autoincrement | enum:none",
      "outcome | sql:text | logical:string/SQLiteText | not-null | default:none | not-primary-key | not-unique | not-autoincrement | enum:fired,skipped,clamped,dry_run,error",
      "detail | sql:text | logical:json/SQLiteTextJson | nullable | default:none | not-primary-key | not-unique | not-autoincrement | enum:none",
    ],
    "exportName": "automationRuns",
    "foreignKeys": [
      "automation_runs_automation_id_automations_id_fk | columns:automation_id | references:automations(id) | on-delete:cascade | on-update:none",
    ],
    "indexes": [
      "idx_automation_runs_automation_fired | non-unique | columns:automation_id,fired_at | where:none",
    ],
    "name": "automation_runs",
    "primaryKeys": [],
    "uniqueConstraints": [],
  },
  {
    "checks": 0,
    "columns": [
      "id | sql:integer | logical:number/SQLiteInteger | not-null | default:auto | primary-key | not-unique | autoincrement | enum:none",
      "name | sql:text | logical:string/SQLiteText | not-null | default:none | not-primary-key | not-unique | not-autoincrement | enum:none",
      "enabled | sql:integer | logical:boolean/SQLiteBoolean | not-null | default:true | not-primary-key | not-unique | not-autoincrement | enum:none",
      "side | sql:text | logical:string/SQLiteText | nullable | default:none | not-primary-key | not-unique | not-autoincrement | enum:left,right",
      "priority | sql:integer | logical:number/SQLiteInteger | not-null | default:0 | not-primary-key | not-unique | not-autoincrement | enum:none",
      "dry_run | sql:integer | logical:boolean/SQLiteBoolean | not-null | default:true | not-primary-key | not-unique | not-autoincrement | enum:none",
      "cooldown_min | sql:integer | logical:number/SQLiteInteger | nullable | default:none | not-primary-key | not-unique | not-autoincrement | enum:none",
      "trigger | sql:text | logical:json/SQLiteTextJson | not-null | default:none | not-primary-key | not-unique | not-autoincrement | enum:none",
      "conditions | sql:text | logical:json/SQLiteTextJson | not-null | default:none | not-primary-key | not-unique | not-autoincrement | enum:none",
      "actions | sql:text | logical:json/SQLiteTextJson | not-null | default:none | not-primary-key | not-unique | not-autoincrement | enum:none",
      "created_at | sql:integer | logical:date/SQLiteTimestamp | not-null | default:sql:(unixepoch()) | not-primary-key | not-unique | not-autoincrement | enum:none",
      "updated_at | sql:integer | logical:date/SQLiteTimestamp | not-null | default:sql:(unixepoch()) | not-primary-key | not-unique | not-autoincrement | enum:none",
    ],
    "exportName": "automations",
    "foreignKeys": [],
    "indexes": [
      "idx_automations_enabled | non-unique | columns:enabled | where:none",
    ],
    "name": "automations",
    "primaryKeys": [],
    "uniqueConstraints": [],
  },
  {
    "checks": 0,
    "columns": [
      "id | sql:integer | logical:number/SQLiteInteger | not-null | default:fn:1 | primary-key | not-unique | not-autoincrement | enum:none",
      "timezone | sql:text | logical:string/SQLiteText | not-null | default:America/Los_Angeles | not-primary-key | not-unique | not-autoincrement | enum:none",
      "temperature_unit | sql:text | logical:string/SQLiteText | not-null | default:F | not-primary-key | not-unique | not-autoincrement | enum:F,C",
      "reboot_daily | sql:integer | logical:boolean/SQLiteBoolean | not-null | default:false | not-primary-key | not-unique | not-autoincrement | enum:none",
      "reboot_time | sql:text | logical:string/SQLiteText | nullable | default:03:00 | not-primary-key | not-unique | not-autoincrement | enum:none",
      "prime_pod_daily | sql:integer | logical:boolean/SQLiteBoolean | not-null | default:false | not-primary-key | not-unique | not-autoincrement | enum:none",
      "prime_pod_time | sql:text | logical:string/SQLiteText | nullable | default:14:00 | not-primary-key | not-unique | not-autoincrement | enum:none",
      "led_night_mode_enabled | sql:integer | logical:boolean/SQLiteBoolean | not-null | default:false | not-primary-key | not-unique | not-autoincrement | enum:none",
      "led_day_brightness | sql:integer | logical:number/SQLiteInteger | not-null | default:100 | not-primary-key | not-unique | not-autoincrement | enum:none",
      "led_night_brightness | sql:integer | logical:number/SQLiteInteger | not-null | default:0 | not-primary-key | not-unique | not-autoincrement | enum:none",
      "led_night_start_time | sql:text | logical:string/SQLiteText | nullable | default:22:00 | not-primary-key | not-unique | not-autoincrement | enum:none",
      "led_night_end_time | sql:text | logical:string/SQLiteText | nullable | default:07:00 | not-primary-key | not-unique | not-autoincrement | enum:none",
      "global_max_on_hours | sql:integer | logical:number/SQLiteInteger | nullable | default:none | not-primary-key | not-unique | not-autoincrement | enum:none",
      "mqtt_enabled | sql:integer | logical:boolean/SQLiteBoolean | nullable | default:none | not-primary-key | not-unique | not-autoincrement | enum:none",
      "mqtt_url | sql:text | logical:string/SQLiteText | nullable | default:none | not-primary-key | not-unique | not-autoincrement | enum:none",
      "mqtt_username | sql:text | logical:string/SQLiteText | nullable | default:none | not-primary-key | not-unique | not-autoincrement | enum:none",
      "mqtt_password | sql:text | logical:string/SQLiteText | nullable | default:none | not-primary-key | not-unique | not-autoincrement | enum:none",
      "mqtt_topic_prefix | sql:text | logical:string/SQLiteText | nullable | default:none | not-primary-key | not-unique | not-autoincrement | enum:none",
      "mqtt_ha_discovery | sql:integer | logical:boolean/SQLiteBoolean | nullable | default:none | not-primary-key | not-unique | not-autoincrement | enum:none",
      "mqtt_tls_enabled | sql:integer | logical:boolean/SQLiteBoolean | nullable | default:none | not-primary-key | not-unique | not-autoincrement | enum:none",
      "mqtt_tls_insecure | sql:integer | logical:boolean/SQLiteBoolean | nullable | default:none | not-primary-key | not-unique | not-autoincrement | enum:none",
      "homekit_enabled | sql:integer | logical:boolean/SQLiteBoolean | not-null | default:false | not-primary-key | not-unique | not-autoincrement | enum:none",
      "pump_stall_protection_enabled | sql:integer | logical:boolean/SQLiteBoolean | not-null | default:false | not-primary-key | not-unique | not-autoincrement | enum:none",
      "pump_stall_rpm_threshold | sql:integer | logical:number/SQLiteInteger | not-null | default:500 | not-primary-key | not-unique | not-autoincrement | enum:none",
      "pump_stall_dwell_samples | sql:integer | logical:number/SQLiteInteger | not-null | default:2 | not-primary-key | not-unique | not-autoincrement | enum:none",
      "pump_stall_auto_recovery_enabled | sql:integer | logical:boolean/SQLiteBoolean | not-null | default:false | not-primary-key | not-unique | not-autoincrement | enum:none",
      "pump_stall_recovery_rpm | sql:integer | logical:number/SQLiteInteger | not-null | default:1500 | not-primary-key | not-unique | not-autoincrement | enum:none",
      "pump_stall_recovery_samples | sql:integer | logical:number/SQLiteInteger | not-null | default:3 | not-primary-key | not-unique | not-autoincrement | enum:none",
      "autopilot_enabled | sql:integer | logical:boolean/SQLiteBoolean | not-null | default:true | not-primary-key | not-unique | not-autoincrement | enum:none",
      "created_at | sql:integer | logical:date/SQLiteTimestamp | not-null | default:sql:(unixepoch()) | not-primary-key | not-unique | not-autoincrement | enum:none",
      "updated_at | sql:integer | logical:date/SQLiteTimestamp | not-null | default:sql:(unixepoch()) | not-primary-key | not-unique | not-autoincrement | enum:none",
    ],
    "exportName": "deviceSettings",
    "foreignKeys": [],
    "indexes": [],
    "name": "device_settings",
    "primaryKeys": [],
    "uniqueConstraints": [],
  },
  {
    "checks": 0,
    "columns": [
      "side | sql:text | logical:string/SQLiteText | not-null | default:none | primary-key | not-unique | not-autoincrement | enum:left,right",
      "current_temperature | sql:real | logical:number/SQLiteReal | nullable | default:none | not-primary-key | not-unique | not-autoincrement | enum:none",
      "target_temperature | sql:real | logical:number/SQLiteReal | nullable | default:none | not-primary-key | not-unique | not-autoincrement | enum:none",
      "is_powered | sql:integer | logical:boolean/SQLiteBoolean | not-null | default:false | not-primary-key | not-unique | not-autoincrement | enum:none",
      "is_alarm_vibrating | sql:integer | logical:boolean/SQLiteBoolean | not-null | default:false | not-primary-key | not-unique | not-autoincrement | enum:none",
      "water_level | sql:text | logical:string/SQLiteText | nullable | default:unknown | not-primary-key | not-unique | not-autoincrement | enum:low,ok,unknown",
      "powered_on_at | sql:integer | logical:date/SQLiteTimestamp | nullable | default:none | not-primary-key | not-unique | not-autoincrement | enum:none",
      "last_updated | sql:integer | logical:date/SQLiteTimestamp | not-null | default:sql:(unixepoch()) | not-primary-key | not-unique | not-autoincrement | enum:none",
    ],
    "exportName": "deviceState",
    "foreignKeys": [],
    "indexes": [],
    "name": "device_state",
    "primaryKeys": [],
    "uniqueConstraints": [],
  },
  {
    "checks": 0,
    "columns": [
      "id | sql:integer | logical:number/SQLiteInteger | not-null | default:auto | primary-key | not-unique | autoincrement | enum:none",
      "side | sql:text | logical:string/SQLiteText | not-null | default:none | not-primary-key | not-unique | not-autoincrement | enum:left,right",
      "day_of_week | sql:text | logical:string/SQLiteText | not-null | default:none | not-primary-key | not-unique | not-autoincrement | enum:sunday,monday,tuesday,wednesday,thursday,friday,saturday",
      "on_time | sql:text | logical:string/SQLiteText | not-null | default:none | not-primary-key | not-unique | not-autoincrement | enum:none",
      "off_time | sql:text | logical:string/SQLiteText | not-null | default:none | not-primary-key | not-unique | not-autoincrement | enum:none",
      "on_temperature | sql:real | logical:number/SQLiteReal | not-null | default:none | not-primary-key | not-unique | not-autoincrement | enum:none",
      "enabled | sql:integer | logical:boolean/SQLiteBoolean | not-null | default:true | not-primary-key | not-unique | not-autoincrement | enum:none",
      "created_at | sql:integer | logical:date/SQLiteTimestamp | not-null | default:sql:(unixepoch()) | not-primary-key | not-unique | not-autoincrement | enum:none",
      "updated_at | sql:integer | logical:date/SQLiteTimestamp | not-null | default:sql:(unixepoch()) | not-primary-key | not-unique | not-autoincrement | enum:none",
    ],
    "exportName": "powerSchedules",
    "foreignKeys": [],
    "indexes": [
      "idx_power_schedules_side_day | non-unique | columns:side,day_of_week | where:none",
    ],
    "name": "power_schedules",
    "primaryKeys": [],
    "uniqueConstraints": [],
  },
  {
    "checks": 0,
    "columns": [
      "id | sql:integer | logical:number/SQLiteInteger | not-null | default:auto | primary-key | not-unique | autoincrement | enum:none",
      "side | sql:text | logical:string/SQLiteText | not-null | default:none | not-primary-key | not-unique | not-autoincrement | enum:left,right",
      "set_points | sql:text | logical:string/SQLiteText | not-null | default:none | not-primary-key | not-unique | not-autoincrement | enum:none",
      "wake_time | sql:text | logical:string/SQLiteText | not-null | default:none | not-primary-key | not-unique | not-autoincrement | enum:none",
      "started_at | sql:integer | logical:date/SQLiteTimestamp | not-null | default:sql:(unixepoch()) | not-primary-key | not-unique | not-autoincrement | enum:none",
      "expires_at | sql:integer | logical:date/SQLiteTimestamp | not-null | default:none | not-primary-key | not-unique | not-autoincrement | enum:none",
      "status | sql:text | logical:string/SQLiteText | not-null | default:active | not-primary-key | not-unique | not-autoincrement | enum:active,completed,cancelled",
      "created_at | sql:integer | logical:date/SQLiteTimestamp | not-null | default:sql:(unixepoch()) | not-primary-key | not-unique | not-autoincrement | enum:none",
    ],
    "exportName": "runOnceSessions",
    "foreignKeys": [],
    "indexes": [
      "idx_run_once_side_status | non-unique | columns:side,status | where:none",
    ],
    "name": "run_once_sessions",
    "primaryKeys": [],
    "uniqueConstraints": [],
  },
  {
    "checks": 0,
    "columns": [
      "side | sql:text | logical:string/SQLiteText | not-null | default:none | primary-key | not-unique | not-autoincrement | enum:left,right",
      "name | sql:text | logical:string/SQLiteText | not-null | default:none | not-primary-key | not-unique | not-autoincrement | enum:none",
      "away_mode | sql:integer | logical:boolean/SQLiteBoolean | not-null | default:false | not-primary-key | not-unique | not-autoincrement | enum:none",
      "always_on | sql:integer | logical:boolean/SQLiteBoolean | not-null | default:false | not-primary-key | not-unique | not-autoincrement | enum:none",
      "auto_off_enabled | sql:integer | logical:boolean/SQLiteBoolean | not-null | default:false | not-primary-key | not-unique | not-autoincrement | enum:none",
      "auto_off_minutes | sql:integer | logical:number/SQLiteInteger | not-null | default:30 | not-primary-key | not-unique | not-autoincrement | enum:none",
      "away_start | sql:text | logical:string/SQLiteText | nullable | default:none | not-primary-key | not-unique | not-autoincrement | enum:none",
      "away_return | sql:text | logical:string/SQLiteText | nullable | default:none | not-primary-key | not-unique | not-autoincrement | enum:none",
      "created_at | sql:integer | logical:date/SQLiteTimestamp | not-null | default:sql:(unixepoch()) | not-primary-key | not-unique | not-autoincrement | enum:none",
      "updated_at | sql:integer | logical:date/SQLiteTimestamp | not-null | default:sql:(unixepoch()) | not-primary-key | not-unique | not-autoincrement | enum:none",
    ],
    "exportName": "sideSettings",
    "foreignKeys": [],
    "indexes": [],
    "name": "side_settings",
    "primaryKeys": [],
    "uniqueConstraints": [],
  },
  {
    "checks": 0,
    "columns": [
      "id | sql:integer | logical:number/SQLiteInteger | not-null | default:auto | primary-key | not-unique | autoincrement | enum:none",
      "component | sql:text | logical:string/SQLiteText | not-null | default:none | not-primary-key | unique:system_health_component_unique | not-autoincrement | enum:none",
      "status | sql:text | logical:string/SQLiteText | not-null | default:unknown | not-primary-key | not-unique | not-autoincrement | enum:healthy,degraded,down,unknown",
      "message | sql:text | logical:string/SQLiteText | nullable | default:none | not-primary-key | not-unique | not-autoincrement | enum:none",
      "last_checked | sql:integer | logical:date/SQLiteTimestamp | not-null | default:sql:(unixepoch()) | not-primary-key | not-unique | not-autoincrement | enum:none",
    ],
    "exportName": "systemHealth",
    "foreignKeys": [],
    "indexes": [],
    "name": "system_health",
    "primaryKeys": [],
    "uniqueConstraints": [],
  },
  {
    "checks": 0,
    "columns": [
      "id | sql:integer | logical:number/SQLiteInteger | not-null | default:auto | primary-key | not-unique | autoincrement | enum:none",
      "side | sql:text | logical:string/SQLiteText | not-null | default:none | not-primary-key | not-unique | not-autoincrement | enum:left,right",
      "tap_type | sql:text | logical:string/SQLiteText | not-null | default:none | not-primary-key | not-unique | not-autoincrement | enum:doubleTap,tripleTap,quadTap",
      "action_type | sql:text | logical:string/SQLiteText | not-null | default:none | not-primary-key | not-unique | not-autoincrement | enum:temperature,alarm",
      "temperature_change | sql:text | logical:string/SQLiteText | nullable | default:none | not-primary-key | not-unique | not-autoincrement | enum:increment,decrement",
      "temperature_amount | sql:integer | logical:number/SQLiteInteger | nullable | default:none | not-primary-key | not-unique | not-autoincrement | enum:none",
      "alarm_behavior | sql:text | logical:string/SQLiteText | nullable | default:none | not-primary-key | not-unique | not-autoincrement | enum:snooze,dismiss",
      "alarm_snooze_duration | sql:integer | logical:number/SQLiteInteger | nullable | default:none | not-primary-key | not-unique | not-autoincrement | enum:none",
      "alarm_inactive_behavior | sql:text | logical:string/SQLiteText | nullable | default:none | not-primary-key | not-unique | not-autoincrement | enum:power,none",
      "created_at | sql:integer | logical:date/SQLiteTimestamp | not-null | default:sql:(unixepoch()) | not-primary-key | not-unique | not-autoincrement | enum:none",
      "updated_at | sql:integer | logical:date/SQLiteTimestamp | not-null | default:sql:(unixepoch()) | not-primary-key | not-unique | not-autoincrement | enum:none",
    ],
    "exportName": "tapGestures",
    "foreignKeys": [],
    "indexes": [
      "uq_tap_side_type | unique | columns:side,tap_type | where:none",
    ],
    "name": "tap_gestures",
    "primaryKeys": [],
    "uniqueConstraints": [],
  },
  {
    "checks": 0,
    "columns": [
      "id | sql:integer | logical:number/SQLiteInteger | not-null | default:auto | primary-key | not-unique | autoincrement | enum:none",
      "side | sql:text | logical:string/SQLiteText | not-null | default:none | not-primary-key | not-unique | not-autoincrement | enum:left,right",
      "day_of_week | sql:text | logical:string/SQLiteText | not-null | default:none | not-primary-key | not-unique | not-autoincrement | enum:sunday,monday,tuesday,wednesday,thursday,friday,saturday",
      "time | sql:text | logical:string/SQLiteText | not-null | default:none | not-primary-key | not-unique | not-autoincrement | enum:none",
      "temperature | sql:real | logical:number/SQLiteReal | not-null | default:none | not-primary-key | not-unique | not-autoincrement | enum:none",
      "enabled | sql:integer | logical:boolean/SQLiteBoolean | not-null | default:true | not-primary-key | not-unique | not-autoincrement | enum:none",
      "created_at | sql:integer | logical:date/SQLiteTimestamp | not-null | default:sql:(unixepoch()) | not-primary-key | not-unique | not-autoincrement | enum:none",
      "updated_at | sql:integer | logical:date/SQLiteTimestamp | not-null | default:sql:(unixepoch()) | not-primary-key | not-unique | not-autoincrement | enum:none",
    ],
    "exportName": "temperatureSchedules",
    "foreignKeys": [],
    "indexes": [
      "idx_temp_schedules_side_day_time | non-unique | columns:side,day_of_week,time | where:none",
    ],
    "name": "temperature_schedules",
    "primaryKeys": [],
    "uniqueConstraints": [],
  },
]
`;
